2026-07-18 01:21:38,987 [INFO] [SETUP] Qt + tutti i moduli importati correttamente
2026-07-18 01:21:38,989 [INFO] 
2026-07-18 01:21:38,989 [INFO] ═══════════════════════════════════════════════════
2026-07-18 01:21:38,990 [INFO]   NIRI EDITOR — SUITE DI TEST (70 test case)
2026-07-18 01:21:38,990 [INFO] ═══════════════════════════════════════════════════
2026-07-18 01:21:38,990 [INFO] 
2026-07-18 01:21:38,990 [INFO] ═══ TestLoggingConfig.test_setup_logging_configures_root ═══
2026-07-18 01:21:38,990 [INFO] [PASS] test logger ha StreamHandler su stderr ✓
2026-07-18 01:21:38,990 [INFO] ═══ TestThemeTokens.test_color_attrs_present ═══
2026-07-18 01:21:38,990 [INFO] [PASS] Tokens ha 5 attributi richiesti ✓
2026-07-18 01:21:38,990 [INFO] ═══ TestTheme.test_by_name_invalid_falls_back_to_lilac ═══
2026-07-18 01:21:38,990 [INFO] [PASS] by_name('__nonexistent__') → fallback LILAC + warning ✓
2026-07-18 01:21:38,990 [INFO] ═══ TestTheme.test_by_name_lilac_returns_dict ═══
2026-07-18 01:21:38,990 [INFO] [PASS] Theme.by_name('lilac') → dict con 20 chiavi tra cui background/foreground ✓
2026-07-18 01:21:38,991 [INFO] ═══ TestQssTokens.test_global_qss_nonempty ═══
2026-07-18 01:21:38,991 [INFO] [PASS] global_qss() → 9693 caratteri, selettori base presenti ✓
2026-07-18 01:21:38,991 [INFO] [PASS] detect_language('foo.js') → 'javascript' ✓
2026-07-18 01:21:38,991 [INFO] [PASS] detect_language('foo.py') → 'python' ✓
2026-07-18 01:21:38,991 [INFO] [PASS] detect_language('foo.rs') → 'rust' ✓
2026-07-18 01:21:38,991 [INFO] [PASS] detect_language('foo.unknown') → None ✓
2026-07-18 01:21:38,991 [INFO] ═══ TestIsPathSafe.test_normal_path_returns_true ═══
2026-07-18 01:21:38,991 [INFO] [PASS] _is_path_safe('/tmp/normal_file.txt') → True ✓
2026-07-18 01:21:38,991 [INFO] ═══ TestIsPathSafe.test_path_traversal_returns_false (BUG NOTO) ═══
2026-07-18 01:21:38,994 [INFO] [PASS] DEFAULT_FOLD_PATTERNS → list[dict] con 2 pattern ✓
2026-07-18 01:21:38,994 [INFO] ═══ TestFOLDPatterns.test_FOLD_PATTERNS_python_is_dict ═══
2026-07-18 01:21:38,994 [INFO] [PASS] FOLD_PATTERNS['python'] → dict con end_marker/prefixes ✓
2026-07-18 01:21:38,994 [INFO] ═══ TestFOLDPatterns.test_update_foldable_blocks_normalizes_to_list ═══
2026-07-18 01:21:39,017 [INFO] [PASS] update_foldable_blocks() su 3 lingue → no TypeError ✓
2026-07-18 01:21:39,019 [INFO] [PASS] _setup_rules() con language='python' → 8 rules ✓
2026-07-18 01:21:39,020 [INFO] [PASS] _setup_rules() con language=None → 6 rules (default) ✓
2026-07-18 01:21:39,021 [INFO] ═══ TestConfigManager.test_corrupt_config_renames_to_bad ═══
2026-07-18 01:21:39,021 [INFO] [PASS] config.json corrotto → backup .json.bad creato ✓
2026-07-18 01:21:39,022 [INFO] ═══ TestConfigManager.test_duplicate_shortcut_logs_warning ═══
2026-07-18 01:21:39,023 [INFO] [PASS] Shortcut duplicato logga warning ✓
2026-07-18 01:21:39,023 [INFO] ═══ TestConfigManager.test_save_keybindings_emits_signal ═══
2026-07-18 01:21:39,023 [INFO] [PASS] bindings_changed emesso 1x ✓
2026-07-18 01:21:39,024 [INFO] ═══ TestConfigManager.test_save_load_config_utf8_roundtrip ═══
2026-07-18 01:21:39,024 [INFO] [PASS] Config roundtrip preserva accentati e giapponese ✓
2026-07-18 01:21:39,025 [INFO] ═══ TestConfigManager.test_save_load_session_utf8_roundtrip ═══
2026-07-18 01:21:39,025 [INFO] [PASS] Session roundtrip preserva café ✓
2026-07-18 01:21:39,026 [INFO] ═══ TestEditorTabLoadSave.test_init_load_error_is_none ═══
2026-07-18 01:21:39,027 [INFO] [PASS] _load_error iniziale → None ✓
2026-07-18 01:21:39,027 [INFO] ═══ TestEditorTabLoadSave.test_load_file_success_returns_true ═══
2026-07-18 01:21:39,028 [INFO] [PASS] load_file success → True, language='python' ✓
2026-07-18 01:21:39,028 [INFO] ═══ TestEditorTabLoadSave.test_load_nonexistent_returns_false ═══
2026-07-18 01:21:39,029 [INFO] [PASS] load_file inesistente → False, _load_error='[Errno 2] No such file or directory: '/tmp/niri_te' ✓
2026-07-18 01:21:39,030 [INFO] ═══ TestEditorTabLoadSave.test_save_file_readonly_raises ═══
2026-07-18 01:21:39,031 [INFO] [PASS] save_file su readonly → PermissionError sollevato ✓
2026-07-18 01:21:39,032 [INFO] ═══ TestEditorTabLoadSave.test_save_file_success_returns_true ═══
2026-07-18 01:21:39,033 [INFO] [PASS] save_file success → True, is_modified=False ✓
2026-07-18 01:21:39,033 [INFO] ═══ TestEditorTabFolding.test_python_def_creates_fold_entry ═══
2026-07-18 01:21:39,034 [INFO] [PASS] foldable_blocks ha 2 entry per 2 def ✓
2026-07-18 01:21:39,034 [INFO] ═══ TestMainWindowRestore.test_restore_missing_file ═══
2026-07-18 01:21:39,091 [INFO] [PASS] 1 file esistente creato, 1 skip loggato ✓
2026-07-18 01:21:39,091 [INFO] ═══ TestMainWindowRestore.test_restore_unreadable_file ═══
2026-07-18 01:21:39,101 [INFO] [PASS] File illeggibile → warning loggato ✓
2026-07-18 01:21:39,101 [INFO] ═══ TestMainWindowOpenFile.test_open_existent_adds_tab ═══
2026-07-18 01:21:39,114 [INFO] [PASS] open_file esistente → +1 tab, 0 dialog ✓
2026-07-18 01:21:39,115 [INFO] ═══ TestMainWindowOpenFile.test_open_nonexistent_shows_dialog ═══
2026-07-18 01:21:39,123 [INFO] [PASS] open_file inesistente → warning emesso, tab count invariato ✓
2026-07-18 01:21:39,123 [INFO] ═══ TestMainWindowSplit.test_split_with_unreadable_aborts ═══
2026-07-18 01:21:39,136 [INFO] [PASS] split_editor su file illeggibile → dialog 1x, 0 tab right ✓
2026-07-18 01:21:39,136 [INFO] ═══ TestGitBranchWorker.test_non_git_dir_finishes_without_crash ═══
2026-07-18 01:21:39,238 [INFO] [PASS] GitBranchWorker in non-git dir → finished('') in 0.1s ✓
2026-07-18 01:21:39,239 [INFO] ═══ TestSearchPanel.test_constructor_no_crash ═══
2026-07-18 01:21:39,239 [INFO] [PASS] SearchPanel(parent=QWidget) → creato ✓
2026-07-18 01:21:39,240 [INFO] ═══ TestCommandPalette.test_constructor_no_crash ═══
2026-07-18 01:21:39,240 [INFO] [PASS] CommandPalette(parent=QWidget) → creato ✓
2026-07-18 01:21:39,240 [INFO] ═══ TestKeybindingsDialog.test_constructor_no_crash ═══
2026-07-18 01:21:39,241 [INFO] [PASS] KeybindingsDialog(parent=QWidget, config_manager=...) → creato ✓
2026-07-18 01:21:39,242 [INFO] ═══ TestFileTree.test_collapse_restores_placeholder ═══
2026-07-18 01:21:39,243 [INFO] [PASS] Collapse ripristina placeholder ... ✓
2026-07-18 01:21:39,244 [INFO] ═══ TestFileTree.test_context_menu_create_file_emits_fileCreated ═══
2026-07-18 01:21:39,245 [INFO] [PASS] Crea file emette fileCreated ✓
2026-07-18 01:21:39,246 [INFO] ═══ TestFileTree.test_context_menu_create_folder_emits_folderCreated ═══
2026-07-18 01:21:39,247 [INFO] [PASS] Crea folder emette folderCreated ✓
2026-07-18 01:21:39,248 [INFO] ═══ TestFileTree.test_delete_item_emits_file_deleted ═══
2026-07-18 01:21:39,249 [INFO] [PASS] Delete emette file_deleted ✓
2026-07-18 01:21:39,250 [INFO] ═══ TestFileTree.test_double_click_file_emits_fileOpened ═══
2026-07-18 01:21:39,251 [INFO] [PASS] Doppio click su file emette fileOpened ✓
2026-07-18 01:21:39,251 [INFO] ═══ TestFileTree.test_double_click_outside_root_blocked ═══
2026-07-18 01:21:39,252 [INFO] [PASS] File fuori root bloccato + warning ✓
2026-07-18 01:21:39,253 [INFO] ═══ TestFileTree.test_double_click_parent_navigates_up ═══
2026-07-18 01:21:39,255 [INFO] [PASS] Doppio click su .. naviga a parent ✓
2026-07-18 01:21:39,256 [INFO] ═══ TestFileTree.test_lazy_expand_populates_children ═══
2026-07-18 01:21:39,257 [INFO] [PASS] Espansione lazy carica figli di subdir ✓
2026-07-18 01:21:39,257 [INFO] ═══ TestFileTree.test_permission_error_emits_signal ═══
2026-07-18 01:21:39,258 [INFO] [PASS] PermissionError emette permission_denied ✓
2026-07-18 01:21:39,259 [INFO] ═══ TestFileTree.test_populate_creates_parent_and_children ═══
2026-07-18 01:21:39,260 [INFO] [PASS] FileTree popolata con .., subdir, file ✓
2026-07-18 01:21:39,261 [INFO] ═══ TestFileTree.test_rename_item_emits_file_renamed ═══
2026-07-18 01:21:39,262 [INFO] [PASS] Rename emette file_renamed ✓
2026-07-18 01:21:39,262 [INFO] ═══ TestSearchPanelFunctional.test_find_next_emits_correct_args ═══
2026-07-18 01:21:39,263 [INFO] [PASS] find_next_requested con parametri corretti ✓
2026-07-18 01:21:39,263 [INFO] ═══ TestSearchPanelFunctional.test_find_prev_emits_correct_args ═══
2026-07-18 01:21:39,263 [INFO] [PASS] find_prev_requested con parametri corretti ✓
2026-07-18 01:21:39,264 [INFO] ═══ TestSearchPanelFunctional.test_goto_line_invalid_shows_error ═══
2026-07-18 01:21:39,264 [INFO] [PASS] goto linea non valida mostra errore ✓
2026-07-18 01:21:39,264 [INFO] ═══ TestSearchPanelFunctional.test_goto_line_valid_emits_and_closes ═══
2026-07-18 01:21:39,265 [INFO] [PASS] goto linea valida emette entrambi i signal ✓
2026-07-18 01:21:39,265 [INFO] ═══ TestSearchPanelFunctional.test_replace_all_emits_correct_args ═══
2026-07-18 01:21:39,265 [INFO] [PASS] replace_all_requested con parametri corretti ✓
2026-07-18 01:21:39,266 [INFO] ═══ TestSearchPanelFunctional.test_replace_emits_correct_args ═══
2026-07-18 01:21:39,266 [INFO] [PASS] replace_requested con parametri corretti ✓
2026-07-18 01:21:39,266 [INFO] ═══ TestSearchPanelFunctional.test_set_error_shows_temporary_error ═══
2026-07-18 01:21:39,267 [INFO] [PASS] set_error mostra messaggio + stile danger ✓
2026-07-18 01:21:39,267 [INFO] ═══ TestSearchPanelFunctional.test_set_match_count_updates_label ═══
2026-07-18 01:21:39,268 [INFO] [PASS] set_match_count aggiorna label ✓
2026-07-18 01:21:39,268 [INFO] ═══ TestCommandPaletteFunctional.test_arrow_keys_navigate_list ═══
2026-07-18 01:21:39,268 [INFO] [PASS] Navigazione frecce Up/Down ✓
2026-07-18 01:21:39,268 [INFO] ═══ TestCommandPaletteFunctional.test_enter_selects_first_item ═══
2026-07-18 01:21:39,269 [INFO] [PASS] Enter seleziona primo item ✓
2026-07-18 01:21:39,269 [INFO] ═══ TestCommandPaletteFunctional.test_escape_rejects_dialog ═══
2026-07-18 01:21:39,270 [INFO] [PASS] Escape rejecta dialog ✓
2026-07-18 01:21:39,270 [INFO] ═══ TestCommandPaletteFunctional.test_filter_actions_matches_action_id ═══
2026-07-18 01:21:39,270 [INFO] [PASS] Filtro per action_id ✓
2026-07-18 01:21:39,271 [INFO] ═══ TestCommandPaletteFunctional.test_filter_actions_matches_description ═══
2026-07-18 01:21:39,271 [INFO] [PASS] Filtro per description ✓
2026-07-18 01:21:39,271 [INFO] ═══ TestCommandPaletteFunctional.test_update_actions_refreshes_list ═══
2026-07-18 01:21:39,272 [INFO] [PASS] update_actions aggiorna lista ✓
2026-07-18 01:21:39,272 [INFO] ═══ TestKeybindingsDialogFunctional.test_edit_binding_updates_model ═══
2026-07-18 01:21:39,273 [INFO] [PASS] Edit binding aggiorna model interno ✓
2026-07-18 01:21:39,274 [INFO] ═══ TestKeybindingsDialogFunctional.test_load_shows_current_bindings ═══
2026-07-18 01:21:39,274 [INFO] [PASS] Dialog carica binding esistenti ✓
2026-07-18 01:21:39,275 [INFO] ═══ TestKeybindingsDialogFunctional.test_save_updates_config_manager ═══
2026-07-18 01:21:39,276 [INFO] [PASS] Save aggiorna ConfigManager ✓
2026-07-18 01:21:39,276 [INFO] ═══ TestEditorTabExtended.test_is_modified_tracks_changes ═══
2026-07-18 01:21:39,277 [INFO] [PASS] is_modified traccia modifiche ✓
2026-07-18 01:21:39,277 [INFO] ═══ TestEditorTabExtended.test_save_file_triggers_utf8_write ═══
2026-07-18 01:21:39,285 [INFO] [PASS] save_file preserva contenuto UTF-8 ✓
2026-07-18 01:21:39,294 [INFO] ═══ TestMainWindowExtended.test_new_tab_creates_empty_editor ═══
2026-07-18 01:21:39,296 [INFO] [PASS] new_file crea un nuovo tab ✓
2026-07-18 01:21:39,305 [INFO] ═══ TestMainWindowExtended.test_split_editor_creates_right_pane ═══
2026-07-18 01:21:39,311 [INFO] [PASS] split_editor crea tab nel right pane ✓
2026-07-18 01:21:39,311 [INFO] ═══ TestNoPrintResiduali.test_logger_calls_present ═══
2026-07-18 01:21:39,312 [INFO] [PASS] main_window.py, editor_tab.py, config_manager.py hanno logger.* ✓
2026-07-18 01:21:39,312 [INFO] ═══ TestNoPrintResiduali.test_no_print_in_source_files ═══
2026-07-18 01:21:39,403 [INFO] [PASS] Zero occorrenze di print() nei file sorgente ✓
2026-07-18 01:21:39,404 [INFO] 
2026-07-18 01:21:39,404 [INFO] ═══════════════════════════════════════════════════
2026-07-18 01:21:39,404 [INFO]   RISULTATO: 70 PASS ✓  |  0 FAIL ✗  |  0 ERROR ⚠  |  0 SKIP ⏭  |  1 XFAIL ⚑
2026-07-18 01:21:39,404 [INFO]   ── EXPECTED FAILURES (bug noti) ──
2026-07-18 01:21:39,404 [INFO]     ⚑ %s — bug _is_path_safe accetta path traversal
2026-07-18 01:21:39,404 [INFO]   Report: /home/fede/Documents/GitHub/niripad/test_report.txt
2026-07-18 01:21:39,404 [INFO] ═══════════════════════════════════════════════════
2026-07-18 01:21:39,404 [INFO] 
